ERROR: 404 "<!DOCTYPE html>\n<html lang=\"en\">\n<head>\n<meta charset=\"utf-8\">\n<title>Error</title>\n</head>\n<body>\n<pre>Cannot POST /models/HuggingFaceH4/zephyr-7b-beta</pre>\n</body>\n</html>\n"